[   .00000Iniaizinggrp ubsysput
[  0000 Itiizincgupsuyspu
[    0.0000] italincgup ssycpacct[   .00000Lix eron.40-8-nec (build@y01-d600) (g vsion.40 010609Ubnt 54.0-6ubuntu1~1.0.1)  #64-UbutuSM Te ct 2 11602UT 2018 (Ubuntu 4..013.14-eneric 4.55
[    0000]omma le: BOOT_IAGE=/bootvmnu4.4.13geer rt=BEL=oumgroot rcosoletycosolety0[   .000] KEELupported us
[    0.000000  Intel GeuieIel
[     0.000000]   AMD AuthenticAMD
[    0.000000  enur CtaHals
  0.0000] 6/u:xsta_ose[2]: 5, tateiz[2:  2
  0.0000] 6/pu: pptig XSAVEfeur 001: 87lotingoi rgists'[   .000] x8fp SpporngXSE feur0x2: 'E giters
   000000]86pu Suprtg SAVfeur0x04'A rgier
   0.000 x6/fp Ebld xstat ftus 0x ctet si i83 byt, in 'stda' orma
  0.0000e80: BIOS-provided physical RAM map:
[    0.000000] BIOS-e820: [mem 0x0000000000000000-0x000000000009fbff] usable
[    0.000000] BIOS-e820: [mem 0x000000000009fc00-0x000000000009ffff] reserved
[    0.000000] BIOS-e820: [mem 0x00000000000f0000-0x00000000000fffff] reserved
[    0.000000] BIOS-e820: [mem 0x0000000000100000-0x000000003ffeffff] usable
[    0.000000] BIOS-e820: [mem 0x000000003fff0000-0x000000003fffffff] ACPI data
[    0.000000] BIOS-e820: [mem 0x00000000fec00000-0x00000000fec00fff] reserved
[    0.000000] BIOS-e820: [mem 0x00000000fee00000-0x00000000fee00fff] reserved
[    0.000000] BIOS-e820: [mem 0x00000000fffc0000-0x00000000ffffffff] reserved
[    0.000000] NX (Execute Disable) protection: active
[    0.000000] SMBIOS 2.5 present.
[    0.000000] Hypervisor detected: KVM
[    0.000000] e820: last_pfn = 0x3fff0 max_arch_pfn = 0x400000000
[    0.000000] MTRR: Disabled
[    0.000000] x86/PAT: MTRRs disabled, skipping PAT initialization too.
[    0.00000]PUMTs l lank  vtuizd system.
[    0.000000] x86/PAT: Configuration [0-7]: WB  WT  UC- UC  WB  WT  UC- UC  
[    0.000000] found SMP MP-table at [mem 0x0009fff0-0x0009ffff] mapped at [ffff88000009fff0]
[    0.000000] Scanning 1 areas for low memory corruption
[    0.000000] RAMDISK: [mem 0x3630c000-0x3717dfff]
[    0.000000] ACPI: Early table checksum verification disabled
[    0.000000] ACPI: RSDP 0x00000000000E0000 000024 (v02 VBOX  )
[    0.000000] ACPI: XSDT 0x000000003FFF0030 00003C (v01 VBOX   VBOXXSDT 00000001 ASL  00000061)
[    0.000000] ACPI: FACP 0x000000003FFF00F0 0000F4 (v04 VBOX   VBOXFACP 00000001 ASL  00000061)
[    0.000000] ACPI: DSDT 0x000000003FFF0470 0021FF (v02 VBOX   VBOXBIOS 00000002 INTL 20100528)
[    0.000000] ACPI: FACS 0x000000003FFF0200 000040
[    0.000000] ACPI: FACS 0x000000003FFF0200 000040
[    0.000000] ACPI: APIC 0x000000003FFF0240 00005C (v02 VBOX   VBOXAPIC 00000001 ASL  00000061)
[    0.000000] ACPI: SSDT 0x000000003FFF02A0 0001CC (v01 VBOX   VBOXCPUT 00000002 INTL 20100528)
[    0.000000] No NUMA configuration found
[    0.000000] Faking a node at [mem 0x0000000000000000-0x000000003ffeffff]
[    0.000000] NODE_DATA(0) allocated [mem 0x3ffeb000-0x3ffeffff]
[    0.000000] kvm-clock: Using msrs 4b564d01 and 4b564d00
[    0.000000] kvm-clock: cpu 0, msr 0:3ffe3001, primary cpu clock
[    0.000000] kvm-clock: using sched offset of 3499494360 cycles
[    0.000000] clocksource: kvm-clock: mask: 0xffffffffffffffff max_cycles: 0x1cd42e4dffb, max_idle_ns: 881590591483 ns
[    0.000000] Zone ranges:
[    0.000000]   DMA      [mem 0x0000000000001000-0x0000000000ffffff]
[    0.000000]   DMA32    [mem 0x0000000001000000-0x000000003ffeffff]
[    0.000]  Norml  ety
[    0.0000] Dvice ety
[    0.0000 Mabe zo srtfor each ode    0000 Ear mor node range
  0.0000] no  0: [m 0000000000000x0000000eff]
[  00000] no  0: [m 000000000000-000000003feff]
[  0.000]niemsetup nde  [emx000000010-0000003efff
[    0.000]CPI: PM-TierO rt: 40
[    0.00000] IOAPI[0 ac_d 2, vsi 3, ades0xec000,SI0-23[  0.000 API: T_C_VR (bu 0usrq0 glalrq2 d d)[   .000] ACPI: INT_SR_O (s 0 busir 9lol_ir9 low level)
[    0.000000] Using ACPI (MADT) for SMP configuration iformation
[   .0000]smbo: long 2PU 0holuCP
[   .000] PMRestred sa mmo: emx000000x0000fff]
  0.0000]M:egstedose mery[mm 0x09000x0009fff]  0.0000PM Regted osavmery [me0x0a0000-0x000effff]
[    0.000000] PM: Registered nosave memory: [mem 0x000f0000-0x000fffff]
[    0.000000] e820: [mem 0x40000000-0xfebfffff] available for PCI devices
[    0.000000] Booting paravirtualized kernel on KVM
[    0.000000] clocksourcerefid-jiffies: mask: 0xffffffff max_cycles: 0xffffffff, max_idle_ns: 7645519600211568 ns
[    0.000000] setup_percpu: NR_CPUS:512 nr_cpumask_bits:512 nr_cpu_ids:2 nr_node_ids:1
[    0.000000] PERCPU: Embedded 34 pages/cpu @ffff88003fc00000 s99608 r8192 d31464 u1048576
[    0.000000] PV qspinlock hash table entries: 256 (order: 0, 4096 bytes)
[    0.000000] Built 1 zonelists in Node order, mobility grouping on.  Total pages: 257912
[    0.000000] Policy zone: DMA32
[    0.000000] Kernel command line: BOOT_IMAGE=/boot/vmlinuz-4.4.0-138-generic root=LABEL=cloudimg-rootfs ro console=tty1 console=ttyS0
[    0.000000] PID hash table entries: 4096 (order: 3, 32768 bytes)
[    0.000000] Memory: 997712K/1048120K available (8563K kernel code, 1314K rwdata, 4004K rodata, 1528K init, 1316K bss, 50408K reserved, 0K cma-reserved)
[    0.000]LU: HWig64 Ord=03, MinObects=0, CPUs=2, Nodes=1
[    0.000000] Kernel/User page tables isolation: enabled
[    0.000000] Hierarchical RCU implementation.
[    0.000000] 	Build-time adjustment of leaf fanout to 64.
[    0.000000] 	RCU restricting CPUs from NR_CPUS=512 to nr_cpu_ids=2.
[    0.000000] RCU: Adjusting geometry for rcu_fanout_leaf=64, nr_cpu_ids=2
[    0.000000] NR_IRQS:33024 nr_irqs:440 16
[    0.000000] Console: colour VGA+ 80x25
[    0.000000] console [tty1] enabled
[    0.000000] console [ttyS0] enabled
[    0.000000] tsc: Detected 3591.700 MHz processor
[    7.706544] Calibrating delay loop (skipped) preset value.. 7183.40 BogoMIPS (lpj=14366800)
[    7.707739] pid_max: default: 32768 minimum: 301
[    7.708400] ACPI: Core revision 20150930
[    7.709710] ACPI: 2 ACPI AML tables successfully acquired and loaded
[    7.710638] Security Framework initialized
[    7.711204] Yama: becoming mindful.
[    7.711740] AppArmor: AppArmor initialized
[    7.712378] Dentry cache hash table entries: 131072 (order: 8, 1048576 bytes)
[    7.713950] Inode-cache hash table entries: 65536 (order: 7, 524288 bytes)
[    7.714910] Mount-cache hash table entriies: 2048 (order: 2, 16384 bytes)
[    7.717804] Mountpoint-cache hash table entries: 2048 (order: 2, 16384 bytes)
[    7.718820] Initializing cgroup subsys io
[    7.731152] Initializing cgroup subsys memory
[    7.731749] Initializing cgroup subsys devices
[    7.732370] Initializing cgroup subsys freezer
[    7.733038] Initializing cgroup subsys net_cls
[    7.733660] Initializing cgroup subsys perf_event
[    7.734320] Initializing cgroup subsys net_prio
[    7.735066] Initializing cgroup subsys hugetlb
[    7.735668] Initializing cgroup subsys pids
[    7.737055] mce: CPU supports 0 MCE banks
[    7.737630] Last level iTLB entries: 4KB 1024, 2MB 1024, 4MB 1024
[    7.738443] Last level dTLB entries: 4KB 1024, 2MB 1024, 4MB 1024, 1GB 4
[    7.739299] Spectre V2 : Mitigation: Full generic retpoline
[    7.740047] Spectre V2 : Spectre v2 mitigation: Speculation control IBPB not-supported IBRS not-supported
[    7.741142] Spectre V2 : Spectre v2 / SpectreRSB mitigation: Filling RSB on context switch
[    7.742470] Speculative Store Bypass: Vulnerable
[    7.745051] Freeing SMP alternatives memory: 32K
[    7.751946] ftrace: allocating 32278 entries in 127 pages
[    7.792257] smpboot: APIC(0) Converting physical 0 to logical package 0
[    7.988002] smpboot: Max logical packages: 1
[    8.122870] x2apic enabled
[    8.218468] Switched APIC routing to physical x2apic.
[    8.374416] ..TIMER: vector=0x30 apic1=0 pin1=2 apic2=-1 pin2=-1
[    8.638880] smpboot: CPU0: Intel(R) Core(TM) i7-4790 CPU @ 3.60GHz (family: 0x6, model: 0x3c, stepping: 0x3)
[    8.959338] Performance Events: unsupported p6 CPU model 60 no PMU driver, software events only.
[    9.198694] KVM setup paravirtual spinlock
[    9.346493] x86: Booting SMP configuration:
[    9.483625] .... node  #0, CPUs:      #1
[    9.607543] kvm-clock: cpu 1, msr 0:3ffe3041, secondary cpu clock
[    9.608853] mce: CPU supports 0 MCE banks
[    9.611227] x86: Booted up 1 node, 2 CPUs
[    9.644698] smpboot: Total of 2 processors activated (14366.80 BogoMIPS)
[    9.770099] devtmpfs: initialized
[    9.866791] evm: security.selinux
[    9.955273] evm: security.SMACK64
[   10.028426] evm: security.SMACK64EXEC
[   10.130954] evm: security.SMACK64TRANSMUTE
[   10.252010] evm: security.SMACK64MMAP
[   10.341893] evm: security.ima
[   10.440434] evm: security.capability
[   10.538265] clocksource: jiffies: mask: 0xffffffff max_cycles: 0xffffffff, max_idle_ns: 7645041785100000 ns
[   10.681393] futex hash table entries: 512 (order: 3, 32768 bytes)
[   10.727691] pinctrl core: initialized pinctrl subsystem
[   10.842837] RTC time: 11:08:39, date: 11/02/18
[   10.958052] NET: Registered protocol family 16
[   11.061209] cpuidle: using governor ladder
[   11.184861] cpuidle: using governor menu
[   11.289588] PCCT header not found.
[   11.325943] ACPI: bus type PCI registered
[   11.326552] acpiphp: ACPI Hot Plug PCI Controller Driver version: 0.5
[   11.327492] PCI: Using configuration type 1 for base access
[   11.341849] ACPI: Added _OSI(Module Device)
[   11.463657] ACPI: Added _OSI(Processor Device)
[   11.578910] ACPI: Added _OSI(3.0 _SCP Extensions)
[   11.693184] ACPI: Added _OSI(Processor Aggregator Device)
[   11.809821] ACPI: Executed 1 blocks of module-level executable AML code
[   11.963808] ACPI: Interpreter enabled
[   12.035773] ACPI: (supports S0 S5)
[   12.124584] ACPI: Using IOAPIC for interrupt routing
[   12.202903] PCI: Using host bridge windows from ACPI; if necessary, use "pci=nocrs" and report a bug
[   12.332771] ACPI: PCI Root Bridge [PCI0] (domain 0000 [bus 00-ff])
[   12.480057] acpi PNP0A03:00: _OSC: OS supports [ASPM ClockPM Segments MSI]
[   12.644104] acpi PNP0A03:00: _OSC: not requesting OS control; OS requires [ExtendedConfig ASPM ClockPM MSI]
[   12.845591] acpi PNP0A03:00: fail to add MMCONFIG information, can't access extended PCI configuration space under this bridge.
[   13.082993] PCI host bridge to bus 0000:00
[   13.147920] pci_bus 0000:00: root bus resource [io  0x0000-0x0cf7 window]
[   13.148807] pci_bus 0000:00: root bus resource [io  0x0d00-0xffff window]
[   13.149688] pci_bus 0000:00: root bus resource [mem 0x000a0000-0x000bffff window]
[   13.150809] pci_bus 0000:00: root bus resource [mem 0x40000000-0xfdffffff window]
[   13.151909] pci_bus 0000:00: root bus resource [bus 00-ff]
[   13.153967] pci 0000:00:01.1: legacy IDE quirk: reg 0x10: [io  0x01f0-0x01f7]
[   13.155047] pci 0000:00:01.1: legacy IDE quirk: reg 0x14: [io  0x03f6]
[   13.155945] pci 0000:00:01.1: legacy IDE quirk: reg 0x18: [io  0x0170-0x0177]
[   13.156868] pci 0000:00:01.1: legacy IDE quirk: reg 0x1c: [io  0x0376]
[   13.174168] pci 0000:00:07.0: quirk: [io  0x4000-0x403f] claimed by PIIX4 ACPI
[   13.344474] pci 0000:00:07.0: quirk: [io  0x4100-0x410f] claimed by PIIX4 SMB
[   13.523452] ACPI: PCI Interrupt Link [LNKA] (IRQs 5 9 10 *11)
[   13.654862] ACPI: PCI Interrupt Link [LNKB] (IRQs 5 9 *10 11)
[   13.754413] ACPI: PCI Interrupt Link [LNKC] (IRQs 5 *9 10 11)
[   13.874523] ACPI: PCI Interrupt Link [LNKD] (IRQs 5 9 10 *11)
[   13.882381] ACPI: Enabled 2 GPEs in block 00 to 07
[   13.966288] vgaarb: setting as boot device: PCI:0000:00:02.0
[   14.018477] vgaarb: device added: PCI:0000:00:02.0,decodes=io+mem,owns=io+mem,locks=none
[   14.026225] vgaarb: loaded
[   14.026738] vgaarb: bridge control possible 0000:00:02.0
[   14.027643] SCSI subsystem initialized
[   14.028313] ACPI: bus type USB registered
[   14.130206] usbcore: registered new interface driver usbfs
[   14.287434] usbcore: registered new interface driver hub
[   14.440702] usbcore: registered new device driver usb
[   14.570308] PCI: Using ACPI for IRQ routing
[   14.664474] NetLabel: Initializing
[   14.735511] NetLabel:  domain hash size = 128
[   14.836087] NetLabel:  protocols = UNLABELED CIPSOv4
[   14.954130] NetLabel:  unlabeled traffic allowed by default
[   15.039333] amd_nb: Cannot enumerate AMD northbridges
[   15.178833] clocksource: Switched to clocksource kvm-clock
[   .337] Aprm: pAorFisyemnaed[ 15639]np: PnP ACPI init
[  10490pn P AI:ou 3dece

[   16.474694] clocksource: acpi_pm: mask: 0xffffff max_cycles: 0xffffff, max_idle_ns: 2085701024 ns
[   16.704033] NET: Registered protocol family 2
[   16.713012] TCP established hash table entries: 8192 (order: 4, 65536 bytes)
[   16.713944] TCP bind hash table entries: 8192 (order: 5, 131072 bytes)
[   16.714829] TCP: Hash tables configured (established 8192 bind 8192)
[   16.715674] UDP hash table entries: 512 (order: 2, 16384 bytes)
[   16.903974] UDP-Lite hash table entries: 512 (order: 2, 16384 bytes)
[   17.060268] NET: Registered protocol family 1
[   17.138361] pci 0000:00:00.0: Limiting direct PCI/PCI transfers
[   17.307186] pci 0000:00:01.0: Activating ISA DMA hang workarounds
[   17.500604] Unpacking initramfs...
[   17.780409] Freeing initrd memory: 14792K
[   17.790810] RAPL PMU detected, API unit is 2^-32 Joules, 4 fixed counters 10737418240 ms ovfl timer
[   17.792027] hw unit of domain pp0-core 2^-0 Joules
[   17.792663] hw unit of domain package 2^-0 Joules
[   17.793288] hw unit of domain dram 2^-0 Joules
[   17.793907] hw unit of domain pp1-gpu 2^-0 Joules
[   17.794575] platform rtc_cmos: registered platform RTC device (no PNP device found)
[   17.795722] Scanning for low memory corruption every 60 seconds
[   17.796788] audit: initializing netlink subsys (disabled)
[   17.797504] audit: type=2000 audit(1541156916.949:1): initialized
[   17.798511] Initialise system trusted keyring
[   17.799349] HugeTLB registered 2 MB page size, pre-allocated 0 pages
[   17.801276] zbud: loaded
[   17.802028] VFS: Disk quotas dquot_6.6.0
[   17.802609] VFS: Dquot-cache hash table entries: 512 (order 0, 4096 bytes)
[   17.803672] squashfs: version 4.0 (2009/01/31) Phillip Lougher
[   17.804687] fuse init (API version 7.23)
[   17.805363] Key type big_key registered
[   17.805945] Allocating IMA MOK and blacklist keyrings.
[   17.808169] Key type asymmetric registered
[   17.808819] Asymmetric key parser 'x509' registered
[   17.809554] Block layer SCSI generic (bsg) driver version 0.4 loaded (major 249)
[   17.810696] io scheduler noop registered
[   17.811306] io scheduler deadline registered (default)
[   17.812042] io scheduler cfq registered
[   17.812671] pci_hotplug: PCI Hot Plug PCI Core version: 0.5
[   17.813389] pciehp: PCI Express Hot Plug Controller Driver version: 0.4
[   17.814329] ACPI: AC Adapter [AC] (on-line)
[   17.815826] input: Power Button as /devices/LNXSYSTM:00/LNXPWRBN:00/input/input0
[   17.818825] ACPI: Power Button [PWRF]
[   17.820498] input: Sleep Button as /devices/LNXSYSTM:00/LNXSLPBN:00/input/input1
[   17.823505] ACPI: Sleep Button [SLPF]
[   17.825445] GHES: HEST is not enabled!
[   17.827157] Serial: 8250/16550 driver, 32 ports, IRQ sharing enabled
[   17.853744] 00:02: ttyS0 at I/O 0x3f8 (irq = 4, base_baud = 115200) is a 16550A
[   17.960372] Linux agpgart interface v0.103
[   18.081978] loop: module loaded
[   18.149697] scsi host0: ata_piix
[   18.171201] scsi host1: ata_piix
[   18.210826] ata1: PATA max UDMA/33 cmd 0x1f0 ctl 0x3f6 bmdma 0xd000 irq 14
[   18.391239] ata2: PATA max UDMA/33 cmd 0x170 ctl 0x376 bmdma 0xd008 irq 15
[   18.493200] libphy: Fixed MDIO Bus: probed
[   18.580712] tun: Universal TUN/TAP device driver, 1.6
[   18.635403] tun: (C) 1999-2004 Max Krasnyansky <maxk@qualcomm.com>
[   18.726373] PPP generic driver version 2.4.2
[   18.778151] ehci_hcd: USB 2.0 'Enhanced' Host Controller (EHCI) Driver
[   18.934206] tsc: Refined TSC clocksource calibration: 3592.735 MHz
[   19.069957] clocksource: tsc: mask: 0xffffffffffffffff max_cycles: 0x33c9844ecc2, max_idle_ns: 440795358827 ns
[   19.069997] ehci-pci: EHCI PCI platform driver
[   19.070018] ehci-platform: EHCI generic platform driver
[   19.070028] ohci_hcd: USB 1.1 'Open' Host Controller (OHCI) Driver
[   19.070031] ohci-pci: OHCI PCI platform driver
[   19.070037] ohci-platform: OHCI generic platform driver
[   19.070042] uhci_hcd: USB Universal Host Controller Interface driver
[   19.070088] i8042: PNP: PS/2 Controller [PNP0303:PS2K,PNP0f03:PS2M] at 0x60,0x64 irq 1,12
[   19.070477] serio: i8042 KBD port at 0x60,0x64 irq 1
[   19.070481] serio: i8042 AUX port at 0x60,0x64 irq 12
[   19.070602] mousedev: PS/2 mouse device common for all mice
[   19.070796] input: AT Translated Set 2 keyboard as /devices/platform/i8042/serio0/input/input2
[   19.071070] rtc_cmos rtc_cmos: rtc core: registered rtc_cmos as rtc0
[   19.071108] rtc_cmos rtc_cmos: alarms up to one day, 114 bytes nvram
[   19.071113] i2c /dev entries driver
[   19.071150] device-mapper: uevent: version 1.0.3
[   19.071186] device-mapper: ioctl: 4.34.0-ioctl (2015-10-28) initialised: dm-devel@redhat.com
[   19.071203] ledtrig-cpu: registered to indicate activity on CPUs
[   19.071399] NET: Registered protocol family 10
[   19.071506] NET: Registered protocol family 17
[   19.071533] Key type dns_resolver registered
[   19.071686] registered taskstats version 1
[   19.071696] Loading compiled-in X.509 certificates
[   19.072152] Loaded X.509 cert 'Build time autogenerated kernel key: 9a104bc44b81e9426fe5c715e47d021d02d69eba'
[   19.072165] zswap: loaded using pool lzo/zbud
[   19.073164] Key type trusted registered
[   19.074801] Key type encrypted registered
[   19.074804] AppArmor: AppArmor sha1 policy hashing enabled
[   19.074807] ima: No TPM chip found, activating TPM-bypass!
[   19.074809] ima: Allocated hash algorithm: sha1
[   19.074818] evm: HMAC attrs: 0x1
[   19.075005]   Magic number: 10:410:124
[   19.134679] rtc_cmos rtc_cmos: setting system clock to 2018-11-02 11:08:47 UTC (1541156927)
[   19.134741] BIOS EDD facility v0.16 2004-Jun-25, 0 devices found
[   19.134742] EDD information not available.
[   20.033826] Freeing unused kernel memory: 1528K
[   20.883495] Write protecting the kernel read-only data: 14336k
[   21.169268] Freeing unused kernel memory: 1664K
[   21.301029] Freeing unused kernel memory: 92K
Loading, please wait...
[   21.388456] random: systemd-udevd: uninitialized urandom read (16 bytes read, 3 bits of entropy available)
starting version 229
[   21.388855] random: udevadm: uninitialized urandom read (16 bytes read, 3 bits of entropy available)
[   21.388869] random: udevadm: uninitialized urandom read (16 bytes read, 3 bits of entropy available)
[   21.394599] random: udevadm: uninitialized urandom read (16 bytes read, 3 bits of entropy available)
[   21.394627] random: udevadm: uninitialized urandom read (16 bytes read, 3 bits of entropy available)
[   21.394718] random: udevadm: uninitialized urandom read (16 bytes read, 3 bits of entropy available)
[   21.394751] random: udevadm: uninitialized urandom read (16 bytes read, 3 bits of entropy available)
[   21.394784] random: udevadm: uninitialized urandom read (16 bytes read, 3 bits of entropy available)
[   21.394817] random: udevadm: uninitialized urandom read (16 bytes read, 3 bits of entropy available)
[   21.394885] random: udevadm: uninitialized urandom read (16 bytes read, 3 bits of entropy available)
[   21.873405] e1000: Intel(R) PRO/1000 Network Driver - version 7.3.21-k8-NAPI
[   22.071098] e1000: Copyright (c) 1999-2006 Intel Corporation.
[   22.130704] Fusion MPT base driver 3.04.20
[   22.171122] Copyright (c) 1999-2008 LSI Corporation
[   22.230286] Fusion MPT SPI Host driver 3.04.20
[   22.273523] AVX2 version of gcm_enc/dec engaged.
[   22.307240] AES CTR mode by8 optimization enabled
[   22.473279] input: ImExPS/2 Generic Explorer Mouse as /devices/platform/i8042/serio1/input/input4
[   22.581696] e1000 0000:00:03.0 eth0: (PCI:33MHz:32-bit) 02:8f:0a:cd:38:b7
[   22.703138] e1000 0000:00:03.0 eth0: Intel(R) PRO/1000 Network Connection
[   22.897199] mptbase: ioc0: Initiating bringup
[   22.897577] e1000 0000:00:03.0 enp0s3: renamed from eth0
[   23.208180] ioc0: LSI53C1030 A0: Capabilities={Initiator}
[   24.248308] scsi host2: ioc0: LSI53C1030 A0, FwRev=00000000h, Ports=1, MaxQ=256, IRQ=20
[   25.406451] scsi 2:0:0:0: Direct-Access     VBOX     HARDDISK         1.0  PQ: 0 ANSI: 5
[   25.590342] scsi target2:0:0: Beginning Domain Validation
[   25.620931] scsi target2:0:0: Domain Validation skipping write tests
[   25.621810] scsi target2:0:0: Ending Domain Validation
[   25.622557] scsi target2:0:0: asynchronous
[   25.630676] scsi 2:0:1:0: Direct-Access     VBOX     HARDDISK         1.0  PQ: 0 ANSI: 5
[   26.320310] scsi target2:0:1: Beginning Domain Validation
[   26.444066] scsi target2:0:1: Domain Validation skipping write tests
[   26.444951] scsi target2:0:1: Ending Domain Validation
[   26.445690] scsi target2:0:1: asynchronous
[   26.449730] sd 2:0:0:0: [sda] 20971520 512-byte logical blocks: (10.7 GB/10.0 GiB)
[   26.450897] sd 2:0:0:0: [sda] Write Protect is off
[   26.451614] sd 2:0:0:0: [sda] Incomplete mode parameter data
[   26.452354] sd 2:0:0:0: [sda] Assuming drive cache: write through
[   26.453385] sd 2:0:0:0: Attached scsi generic sg0 type 0
[   26.454341] sd 2:0:1:0: Attached scsi generic sg1 type 0
[   26.456972]  sda: sda1
[   26.458792] sd 2:0:1:0: [sdb] 20480 512-byte logical blocks: (10.5 MB/10.0 MiB)
[   26.459090] sd 2:0:0:0: [sda] Attached SCSI disk
[   26.726589] sd 2:0:1:0: [sdb] Write Protect is off
[   26.739076] sd 2:0:1:0: [sdb] Incomplete mode parameter data
[   26.751358] sd 2:0:1:0: [sdb] Assuming drive cache: write through
[   26.773864] sd 2:0:1:0: [sdb] Attached SCSI disk
Begin: Loading e[   28.176905] md: linear personality registered for level -1
ssential drivers[   28.259881] md: multipath personality registered for level -4
 ... [   28.353432] md: raid0 personality registered for level 0
[   28.481251] md: raid1 personality registered for level 1
[   28.666866] raid6: sse2x1   gen() 12167 MB/s
[   28.839298] raid6: sse2x1   xor()  9613 MB/s
[   28.995029] raid6: sse2x2   gen() 14796 MB/s
[   29.115123] raid6: sse2x2   xor() 10309 MB/s
[   29.246927] raid6: sse2x4   gen() 17995 MB/s
[   29.419239] raid6: sse2x4   xor() 12603 MB/s
[   29.571077] raid6: avx2x1   gen() 23512 MB/s
[   29.722901] raid6: avx2x2   gen() 27465 MB/s
[   29.862866] raid6: avx2x4   gen() 31368 MB/s
[   29.928656] raid6: using algorithm avx2x4 gen() 31368 MB/s
[   30.019469] raid6: using avx2x2 recovery algorithm
[   30.028629] xor: automatically using best checksumming function:
[   30.067046]    avx       : 30247.000 MB/sec
[   30.120781] async_tx: api initialized (async)
[   30.237495] md: raid6 personality registered for level 6
[   30.383686] md: raid5 personality registered for level 5
[   30.512574] md: raid4 personality registered for level 4
[   30.621903] md: raid10 personality registered for level 10
done.
Begin: Running /scripts/init-premount ...[   30.725018] Btrfs loaded
 done.
Begin: Mounting root file system ... Begin: Running /scripts/local-top ... done.
Begin: Running /scripts/local-premount ... Scanning for Btrfs filesystems
done.
Warning: fsck not present, so skipping root file system
[   30.836683] EXT4-fs (sda1): mounted filesystem with ordered data mode. Opts: (null)
done.
Begin: Running /scripts/local-bottom ... done.
Begin: Running /scripts/init-bottom ... done.
[   315365 ste[1 sted 29runig n ysemmoe.(+PAM AUIT+SLIUX+IMA +APPARMOR +SMACK +SYSVINIT +UTMP +LIBCRYPTSETUP +GCRYPT +GNUTLS +ACL +XZ -LZ4 +SECCOMP +BLKID +ELFUTILS +KMOD -IDN)
[   32.155613] systemd[1]: Detected virtualization oracle.
[   32.156341] systemd[1]: Detected architecture x86-64.

Welcome to [1mUbuntu 16.04.5 LTS[0m!

[   32.5117] random: nonblocking pool is initialized

[   32.56456]systemd[1]: Set hostname to <ubuntu>.
[   32.630377] systemd[1]: Initializing machine ID from random generator.
[   32.631342] systemd[1]: Installed transient /etc/machine-id file.

[   34.065 ste[1 Rchd rg EryedVolumes.
[[0;32m  OK  [0m] Reached target Encrypted Volumes.
[   3.563] ysmd]:eaedtarget User a GupamLoup
[[0;32m  OK  [0m] Reached target User and Group Name Lookups.
[ 351125] std[]:reedlie System Sle.
[[0;32m  OK  [0m] Created slice System Slice.
[   5.35578] std[: ard rwd asswd qutso llirto Wch
[[0;32m  OK  [0m] Started Forward Password Requests to Wall Directory Watch.
[   36536403 ste[1 Ltengn sl Sck.
[[0;32m  OK  [0m] Listening on Syslog Socket.
[   37118]ysmd]:isni o/d/iitctl CompatibitNad pe

[[0;32m  OK  [0m] Listening on /dev/initctl Compatibility Named Pipe.
[   37.752007] systemd[1]: Created slice system-serial\x2dgetty.slice.
[[0;32m  OK  [0m] Created slice system-serial\x2dgetty.slice.
[   37.753910] systemd[1]: Listening on LVM2 metadata daemon socket.
[[0;32m  OK  [0m] Listening on LVM2 metadata daemon socket.
[  3.043 ste[1 Rch tgeSwap
[[0;32m  OK  [0m] Reached target Swap.
[   8.52] stemd[1]:Rehetaetyste Te nconed

[[0;32m  OK  [0m] Reached target System Time Synchronized.
[ 39091]ysmd]:isningon Journal Socket /d/l).
[[0;32m  OK  [0m] Listening on Journal Socket (/dev/log).
[   9.698721] systemd[1]: Listening on LVM2 poll daemon socket.
[[0;32m  OK  [0m] Listening on LVM2 poll daemon socket.
[   39.773403] systemd[1]: Set up automount Arbitrary Executable File Formats File System Automount Point.
[[0;32m  OK  [0m] Set up automount Arbitrary Executab...ats File System Automount Point.
[   39.777865] systemd[1]: Listening on Device-mapper event daemon FIFOs.
[[0;32m  OK  [0m] Listening on Device-mapper event daemon FIFOs.
[   39.780679] systemd[1]: Listening on udev Kernel Socket.
[[0;32m  OK  [0m] Listening on udev Kernel Socket.
[   39.783217] systemd[1]: Listening on Journal Audit Socket.
[[0;32m  OK  [0m] Listening on Journal Audit Socket.
[   39.785919] systemd[1]: Started Trigger resolvconf update for networkd DNS.
[[0;32m  OK  [0m] Started Trigger resolvconf update for networkd DNS.
[  4.013 ste[1 Cat scese and Sesonli.
[[0;32m  OK  [0m] Created slice User and Session Slice.
[ 406983syem1]Rehe targeSles
[[0;32m  OK  [0m] Reached target Slices.
[   41.499699]syem1]Lieng  Jrn Ske
[[0;32m  OK  [0m] Listening on Journal Socket.
[   42.095689] systemd[1]: Starting Load Kernel Modules...
         Starting Load Kernel Modules...
[   42.182118] systemd[1]: Mounting Huge Pages File System...
         Mounting Huge Pages File System.[   42.248462] Loading iSCSI transport class v2.0-870.
..
[   42.271322] systemd[1]: Starting Set console keymap...
         Starting Set console keymap...
[   42.347529] systemd[1]: Starting Monitoring of LVM2 mirrors, snapshots etc. using dmeventd or progress polling...
         Starting Monitoring of LVM2 mirrors... dmeventd or progress polling...
[   42.411031] iscsi: registered transport (tcp)
[   42.443454] systemd[1]: Starting Remount Root and Kernel File Systems...
         Starting Remount Root and Kernel File S[   42.542883] EXT4-fs (sda1): re-mounted. Opts: (null)
ystems...
[   42.592497] systemd[1]: Starting Create list of required static device nodes for the current kernel...
         Starting Create list of required st... nodes for the current kernel...
[   42.642934] systemd[1]: Mounting Debug File System...
         Mounting Debug File System...
[   42.684257] systemd[1]: Starting Uncomplicated firewall...
         Starting Uncomplicated firewall...
[   42.759712] systemd[1]: Starting Nameserver information manager...
         Starting Nameserver information manager...
[   42.834490] iscsi: registered transport (iser)
[   42.899642] systemd[1]: Mounting POSIX Message Queue File System...
         Mounting POSIX Message Queue File System...
[   42.979205] systemd[1]: Listening on udev Control Socket.
[[0;32m  OK  [0m] Listening on udev Control Socket.
[   43.083445] systemd[1]: Starting Journal Service...
         Starting Journal Service...
[   43.164155] systemd[1]: Mounted POSIX Message Queue File System.
[[0;32m  OK  [0m] Mounted POSIX Message Queue File System.
[   43.273794] systemd[1]: Mounted Debug File System.
[[0;32m  OK  [0m] Mounted Debug File System.
[   43.303592] systemd[1]: Mounted Huge Pages File System.
[[0;32m  OK  [0m] Mounted Huge Pages File System.
[   43.307893] systemd[1]: Started Load Kernel Modules.
[[0;32m  OK  [0m] Started Load Kernel Modules.
[   43.386304] systemd[1]: Started Set console keymap.
[[0;32m  OK  [0m] Started Set console keymap.
[   43.501126] syemd[]: Srtedemunt otnderne FilSyem
[[0;32m  OK  [0m] Started Remount Root and Kernel File Systems.
[   44595]ysmd]:taedreteis of requred static device nodes for the current kernel.
[[0;32m  OK  [0m] Started Create list of required sta...ce nodes for the current kernel.
[   45.0773] sysmd]:taedncplat freal.
[[0;32m  OK  [0m] Started Uncomplicated firewall.
[  45573syem1]StteJonaService.
[[0;32m  OK  [0m] Started Journal Service.
[[0;32m  OK  [0m] Started Nameserver information manager.
[[0;32m  OK  [0m] Started LVM2 metadata daemon.
         Starting Create Static Device Nodes in /dev...
         Starting Load/Save Random Seed...
         Starting Flush Journal to Persistent Storage...
         Starting udev Coldplug all Devices...
         Starting Apply Kernel Variables...
         Mounting FUSE Control File System...
[[0;32m  OK  [0m] Mounted FUSE Control File System.
[[0;32m  OK  [0m] Started Monitoring of LVM2 mirrors,...ng dmeventd or progress polling.
[[0;32m  OK  [0m] Started Create Static Device Nodes in /dev.
[[0;32m  OK  [0m] Started Load/Save Random Seed.
[[0;32m  OK  [0m] Started Apply Kernel Variables.
[[0;32m  OK  [0m] Started udev Coldplug all Devices.
[[0;32m  OK  [0m] Started Flush Journal to Persistent Storage.
         Starting udev Kernel Device Manager...
[[0;32m  OK  [0m] Reached target Local File Systems (Pre).
[[0;32m  OK  [0m] Reached target Local File Systems.
         Starting Tell Plymouth To Write Out Runtime Data...
         Starting Set console font and keymap...
         Starting Commit a transient machine-id on disk...
         Starting LSB: AppArmor initialization...
         Starting Create Volatile Files and Directories...
         Starting Initial cloud-init job (pre-networking)...
[[0;32m  OK  [0m] Started Commit a transient machine-id on disk.
[[0;32m  OK  [0m] Started Tell Plymouth To Write Out Runtime Data.
[[0;32m  OK  [0m] Started Create Volatile Files and Directories.
         Starting Update UTMP about System Boot/Shutdown...
[[0;32m  OK  [0m] Started Update UTMP about System Boot/Shutdown.
[[0;32m  OK  [0m] Started udev Kernel Device Manager.
[[0;32m  OK  [0m] Started Dispatch Password Requests to Console Directory Watch.
[[0;32m  OK  [0m] Started Set console font and keymap.
[[0;32m  OK  [0m] Created slice system-getty.slice.
[[0;32m  OK  [0m] Found device /dev/ttyS0.
[[0;32m  OK  [0m] Listening on Load/Save RF Kill Switch Status /dev/rfkill Watch.
[[0;32m  OK  [0m] Started LSB: AppArmor initialization.
[   36.306513] cloud-init[469]: Cloud-init v. 18.4-0ubuntu1~16.04.2 running 'init-local' at Fri, 02 Nov 2018 11:09:18 +0000. Up 35.80 seconds.
[[0;32m  OK  [0m] Started Initial cloud-init job (pre-networking).
[[0;32m  OK  [0m] Reached target Network (Pre).
         Starting Raise network interfaces...
[[0;32m  OK  [0m] Started Raise network interfaces.
         Starting Initial cloud-init job (metadata service crawler)...
[[0;32m  OK  [0m] Reached target Network.
[   38.451198] cloud-init[920]: Cloud-init v. 18.4-0ubuntu1~16.04.2 running 'init' at Fri, 02 Nov 2018 11:09:20 +0000. Up 37.09 seconds.
[   38.581546] cloud-init[920]: ci-info: +++++++++++++++++++++++++++++++++++++Net device info++++++++++++++++++++++++++++++++++++++
[   38.656638] cloud-init[920]: ci-info: +--------+------+---------------------------+---------------+--------+-------------------+
[   38.657986] cloud-init[920]: ci-info: | Device |  Up  |          Address          |      Mask     | Scope  |     Hw-Address    |
[   38.658293] cloud-init[920]: ci-info: +--------+------+---------------------------+---------------+--------+-------------------+
[   38.658656] cloud-init[920]: ci-info: | enp0s3 | True |         10.0.2.15         | 255.255.255.0 | global | 02:8f:0a:cd:38:b7 |
[   38.658933] cloud-init[920]: ci-info: | enp0s3 | True | fe80::8f:aff:fecd:38b7/64 |       .       |  link  | 02:8f:0a:cd:38:b7 |
[   38.659201] cloud-init[920]: ci-info: |   lo   | True |         127.0.0.1         |   255.0.0.0   |  host  |         .         |
[   38.659546] cloud-init[920]: ci-info: |   lo   | True |          ::1/128          |       .       |  host  |         .         |
[   38.659816] cloud-init[920]: ci-info: +--------+------+---------------------------+---------------+--------+-------------------+
[   38.660108] cloud-init[920]: ci-info: +++++++++++++++++++++++++++Route IPv4 info++++++++++++++++++++++++++++
[[0;32m  OK  [0m] Started Initial cloud-init job (metadata service crawler).
[   38.660616] cloud-init[920]: ci-info: +-------+-------------+----------+---------------+-----------+-------+
[[0;32m  OK  [0m] Reached target Network is Online.
[   39.379274] cloud-init[920]: ci-info: | Route | Destination | Gateway  |    Genmask    | Interface | Flags |
[   39.461036] cloud-init[920]: ci-info: +-------+-------------+----------+---------------+-----------+-------+
[   39.461956] cloud-init[920]: ci-info: |   0   |   0.0.0.0   | 10.0.2.2 |    0.0.0.0    |   enp0s3  |   UG  |
         Starting iSCSI initiator daemon (iscsid)...
[   39.462699] cloud-init[920]: ci-info: |   1   |   10.0.2.0  | 0.0.0.0  | 255.255.255.0 |   enp0s3  |   U   |
[   39.880511] cloud-init[920]: ci-info: +-------+-------------+----------+---------------+-----------+-------+
[   39.881486] cloud-init[920]: ci-info: +++++++++++++++++++Route IPv6 info+++++++++++++++++++
[[0;32m  OK  [0m] Reached target Cloud-config availability.
[   39.882130] cloud-init[920]: ci-info: +-------+-------------+---------+-----------+-------+
[   40.054104] cloud-init[920]: ci-info: | Route | Destination | Gateway | Interface | Flags |
[[0;32m  OK  [0m] Reached target System Initialization.
[   40.054570] cloud-init[920]: ci-info: +-------+-------------+---------+-----------+-------+
[   40.284573] cloud-init[920]: ci-info: |   0   |  fe80::/64  |    ::   |   enp0s3  |   U   |
[   40.285091] cloud-init[920]: ci-info: |   3   |   ff00::/8  |    ::   |   enp0s3  |   U   |
         Starting LXD - unix socket.
[   40.285400] cloud-init[920]: ci-info: +-------+-------------+---------+-----------+-------+
[   40.434591] cloud-init[920]: Generating public/private rsa key pair.
[[0;32m  OK  [0m] Listening on ACPID Listen Socket.
[   40.435729] cloud-init[920]: Your identification has been saved in /etc/ssh/ssh_host_rsa_key.
[   40.636798] cloud-init[920]: Your public key has been saved in /etc/ssh/ssh_host_rsa_key.pub.
[   40.637857] cloud-init[920]: The key fingerprint is:
         Starting Socket activation for snappy daemon.
[   40.638484] cloud-init[920]: SHA256:akRaHKEFOOL+B7Vb2P/bA3DXlbw/wIoishmQzQuvDTE root@ubuntu-xenial
[   40.844846] cloud-init[920]: The key's randomart image is:
[   40.845911] cloud-init[920]: +---[RSA 2048]----+
[[0;32m  OK  [0m] Started ACPI Events Check.
[   40.846517] cloud-init[920]: |   ...+.      . .|
[   40.954078] cloud-init[920]: |. o  + .       o.|
[[0;32m  OK  [0m] Reached target Paths.
[   40.954611] cloud-init[920]: |..+.. +     . . o|
[   41.086803] cloud-init[920]: | E o =   . . + o |
[[0;32m  OK  [0m] Started Daily Cleanup of Temporary Directories.
[   41.087284] cloud-init[920]: |. * + = S + o . .|
[   41.330662] cloud-init[920]: | o * = = . o   ..|
[[0;32m  OK  [0m] Listening on D-Bus System Message Bus Socket.
[   41.331311] cloud-init[920]: |  = * * o   .   .|
[   41.437606] cloud-init[920]: | . = +   .  ..   |
[[0;32m  OK  [0m] Started Daily apt download activities.
[[   41.437769] cloud-init[920]: |    .     .o...  |
[   41.790300] cloud-init[920]: +----[SHA256]-----+
[0;32m  OK  [0m] Started Daily apt upgrade and clean activities.
[   41.790850] cloud-init[920]: Generating public/private dsa key pair.
[   41.886077] cloud-init[920]: Your identification has been saved in /etc/ssh/ssh_host_dsa_key.
[[0;32m  OK  [0m] Listening on UUID daemon activation socket.
[   41.886522] cloud-init[920]: Your public key has been saved in /etc/ssh/ssh_host_dsa_key.pub.
[   42.174549] cloud-init[920]: The key fingerprint is:
[[0;32m  OK  [0m] Reached target Timers.
[   42.175051] cloud-init[920]: SHA256:d33RWiUZJk9JRuqDPKZouj7ZvdEEivk0mz3SetZ3X1k root@ubuntu-xenial
[   42.357435] cloud-init[920]: The key's randomart image is:
[[0;32m  OK  [0m] Listening on LXD - unix socket.
[   42.358543] cloud-init[920]: +---[DSA 1024]----+
[   42.433310] cloud-init[920]: |            .oO+.|
[   42.434459] cloud-init[920]: |             Bo.o|
[[0;32m  OK  [0m] Listening on Socket activation for snappy daemon.
[   42.435051] cloud-init[920]: |        .   . ..o|
[   42.621008] cloud-init[920]: |     o . o o . o.|[
[0;32m  OK  [0m] Started iSCSI initiator daemon (iscsid).
[   42.621950] cloud-init[920]: |    o + S B + o E|
[   42.752739] cloud-init[920]: |     o B * o . .o|
[   42.781215] cloud-init[920]: |     oB.*..    ..|
[   42.781935] cloud-init[920]: |    oo.o+o. . . .|
         Starting Login to default iSCSI targets...
[[   42.782550] cloud-init[920]: |   .+o.o.. . . ..|
[   42.866298] cloud-init[920]: +----[SHA256]-----+
[0;32m  OK  [0m] Reached target Sockets.
[   42.866954] cloud-init[920]: Generating public/private ecdsa key pair.
[   42.962638] cloud-init[920]: Your identification has been saved in /etc/ssh/ssh_host_ecdsa_key.
[[0;32m  OK  [0m] Reached target Basic System.
[   42.963128] cloud-init[920]: Your public key has been saved in /etc/ssh/ssh_host_ecdsa_key.pub.
[   43.149653] cloud-init[920]: The key fingerprint is:
[   43.150131] cloud-init[920]: SHA256:QPOmbClROLSfroSQf+taF0n0e45xA3cOBTjKmCFxOmA root@ubuntu-xenial
[[0;32m  OK  [0m] Started Deferred execution scheduler.
[[   43.150415] cloud-init[920]: The key's randomart image is:
[   43.297317] cloud-init[920]: +---[ECDSA 256]---+
[   43.297509] cloud-init[920]: |.E.oo.=  ....    |
[   43.297748] cloud-init[920]: |...o+= +o  .     |
[   43.297992] cloud-init[920]: |  o.o*o.=.o .    |
[0;32m  OK  [0m] Started Unattended Upgrades Shutdown.
[   43.298307] cloud-init[920]: | . .o=oB + +     |
[   43.816798] cloud-init[920]: |o   . X S + .    |
[   43.831445] cloud-init[920]: | o . + . * .     |
[   43.832096] cloud-init[920]: |  o + o . .      |
[   43.832244] cloud-init[920]: |   + +           |
[   43.832419] cloud-init[920]: |  .o+            |
[   43.832600] cloud-init[920]: +----[SHA256]-----+
[   43.832774] cloud-init[920]: Generating public/private ed25519 key pair.
[   43.832977] cloud-init[920]: Your identification has been saved in /etc/ssh/ssh_host_ed25519_key.
[   43.833209] cloud-init[920]: Your public key has been saved in /etc/ssh/ssh_host_ed25519_key.pub.
[   43.833852] cloud-init[920]: The key fingerprint is:
[   43.833900] cloud-init[920]: SHA256:a1xAwTNSZq5GqtffgPVzBF88ld3L8CR8qPdQLb3Ae58 root@ubuntu-xenial
[   43.833943] cloud-init[920]: The key's randomart image is:
[   43.833986] cloud-init[920]: +--[ED25519 256]--+
[   43.834033] cloud-init[920]: |       o*.  o ..*|
[   43.834108] cloud-init[920]: |      .=+    O.*=|
[   43.834159] cloud-init[920]: |      ..oo. . #.o|
         Starting System Logging Service...
[   43.834201] cloud-init[920]: |     o . . + = B |
[   43.892734] cloud-init[920]: |    . o S . + + o|
         [   43.893748] Starting Login Service...cloud-init
[920]: |   . o + + .   E.|
[   43.956029] cloud-init[920]: |  . . o = o .    |
[   43.980716] cloud-init[920]: |   .   o o o     |
[   43.982063] cloud-init[920]: |        . .      |
[   43.983124] cloud-init[920]: +----[SHA256]-----+
[[0;32m  OK  [0m] Started ACPI event daemon.
[[0;32m  OK  [0m] Started FUSE filesystem for LXC.
         Starting Accounts Service...
[[0;32m  OK  [0m] Started D-Bus System Message Bus.
         Starting LSB: Record successful boot for GRUB...
[[0;32m  OK  [0m] Started Regular background program processing daemon.
         Starting LSB: MD monitoring daemon...
         Starting Virtualbox guest utils...
         Starting LXD - container startup/shutdown...
         Starting Snappy daemon...
         Starting /etc/rc.local Compatibility...
         Starting Pollinate to seed the pseudo random number generator...
[[0;32m  OK  [0m] Started System Logging Service.
[[0;32m  OK  [0m] Started /etc/rc.local Compatibility.
[[0;32m  OK  [0m] Started Login Service.
         Starting Authenticate and Authorize Users to Run Privileged Tasks...
[[0;32m  OK  [0m] Started LSB: Record successful boot for GRUB.
[[0;32m  OK  [0m] Started LSB: MD monitoring daemon.
[[0;32m  OK  [0m] Started Login to default iSCSI targets.
[[0;32m  OK  [0m] Reached target Remote File Systems (Pre).
[[0;32m  OK  [0m] Reached target Remote File Systems.
         Starting LSB: automatic crash report generation...
         Starting Permit User Sessions...
         Starting LSB: Set the CPU Frequency Scaling governor to "ondemand"...
         Starting LSB: daemon to balance interrupts for SMP systems...
[[0;32m  OK  [0m] Started Permit User Sessions.
[[0;32m  OK  [0m] Started Authenticate and Authorize Users to Run Privileged Tasks.
[[0;32m  OK  [0m] Started Accounts Service.
[[0;32m  OK  [0m] Started LSB: Set the CPU Frequency Scaling governor to "ondemand".
[[0;32m  OK  [0m] Started Virtualbox guest utils.
[[0;32m  OK  [0m] Started LSB: automatic crash report generation.
         Starting Hold until boot process finishes up...
         Starting Terminate Plymouth Boot Screen...
[[0;32m  OK  [0m] Started Hold until boot process finishes up.
[[0;32m  OK  [0m] Started Terminate Plymouth Boot Screen.
[[0;32m  OK  [0m] Started Serial Getty on ttyS0.
[[0;32m  OK  [0m] Started Getty on tty1.
[[0;32m  OK  [0m] Reached target Login Prompts.
         Starting Set console scheme...
[[0;32m  OK  [0m] Started Set console scheme.
[[0;32m  OK  [0m] Started LSB: daemon to balance interrupts for SMP systems.
[[0;32m  OK  [0m] Started LXD - container startup/shutdown.
[[0;32m  OK  [0m] Started Snappy daemon.
         Starting Wait until snapd is fully seeded...
[[0;32m  OK  [0m] Started Pollinate to seed the pseudo random number generator.
         Starting OpenBSD Secure Shell server...
[[0;32m  OK  [0m] Started OpenBSD Secure Shell server.
[[0;32m  OK  [0m] Created slice User Slice of vagrant.
         Starting User Manager for UID 1000...
[[0;32m  OK  [0m] Started Session 1 of user vagrant.
[[0;32m  OK  [0m] Started User Manager for UID 1000.
[[0;32m  OK  [0m] Started Wait until snapd is fully seeded.
         Starting Apply the settings specified in cloud-config...
[[0;32m  OK  [0m] Reached target Multi-User System.
[[0;32m  OK  [0m] Reached target Graphical Interface.
         Starting Update UTMP about System Runlevel Changes...
[[0;32m  OK  [0m] Started Update UTMP about System Runlevel Changes.
[   50.488476] cloud-init[1308]: Generating locales (this might take a while)...
[   51.364187] cloud-init[1308]:   en_US.UTF-8... done
[   51.365320] cloud-init[1308]: Generation complete.

Ubuntu 16.04.5 LTS ubuntu-xenial ttyS0

ubuntu-xenial login: [   52.105117] cloud-init[1308]: Cloud-init v. 18.4-0ubuntu1~16.04.2 running 'modules:config' at Fri, 02 Nov 2018 11:09:33 +0000. Up 50.11 seconds.
ci-info: no authorized ssh keys fingerprints found for user ubuntu.
<14>Nov  2 11:09:35 ec2: 
<14>Nov  2 11:09:35 ec2: #############################################################
<14>Nov  2 11:09:35 ec2: -----BEGIN SSH HOST KEY FINGERPRINTS-----
<14>Nov  2 11:09:35 ec2: 1024 SHA256:d33RWiUZJk9JRuqDPKZouj7ZvdEEivk0mz3SetZ3X1k root@ubuntu-xenial (DSA)
<14>Nov  2 11:09:35 ec2: 256 SHA256:QPOmbClROLSfroSQf+taF0n0e45xA3cOBTjKmCFxOmA root@ubuntu-xenial (ECDSA)
<14>Nov  2 11:09:35 ec2: 256 SHA256:a1xAwTNSZq5GqtffgPVzBF88ld3L8CR8qPdQLb3Ae58 root@ubuntu-xenial (ED25519)
<14>Nov  2 11:09:35 ec2: 2048 SHA256:akRaHKEFOOL+B7Vb2P/bA3DXlbw/wIoishmQzQuvDTE root@ubuntu-xenial (RSA)
<14>Nov  2 11:09:35 ec2: -----END SSH HOST KEY FINGERPRINTS-----
<14>Nov  2 11:09:35 ec2: #############################################################
-----BEGIN SSH HOST KEY KEYS-----
ecdsa-sha2-nistp256 AAAAE2VjZHNhLXNoYTItbmlzdHAyNTYAAAAIbmlzdHAyNTYAAABBBF+ATe8T1ZKI3Z/500/oKdFVPaw05CdYLMvb87eKpaFrfJZqI7QH+xIB9dhrfLNV1Sv3P6h1sKVpK8hnYPfUu4I= root@ubuntu-xenial
ssh-ed25519 AAAAC3NzaC1lZDI1NTE5AAAAIDYc1GzxlFOUf1dKY4OdLexd3q+2ZJdaZMBtEA/ZA9l4 root@ubuntu-xenial
ssh-rsa AAAAB3NzaC1yc2EAAAADAQABAAABAQC64mWrGaR/QKj+JeckjjBcG0MBQNKBNRGITCiG+4YQdnBqitZVjCiWoGEX3gp+Rv69DlCASM+jhc5vmBPhdHsSMovzUwULwXM/Nr+Bko1JScL1afK17co0gUpZveBv5UTVyld7wDxmbfFpruJ3BcDoxWB1t8C4OxzW1Gvz9GL951IRTXTy4im0S5snCevgXh/AGdD5BGQZq1biERfbm2P+0hb5z/yecshuR9FDMQ+j7ocmnoE66FbmjbvBJ+XLJQ4p0RjP6VtaWJ6cSrRV4VJwPIWbe0ltPP9cfDTurnBdvWY3gwdxnK+bMvPa/i2j+WG/vakX/L90zTag64klCnDr root@ubuntu-xenial
-----END SSH HOST KEY KEYS-----
[   52.548774] cloud-init[1475]: Cloud-init v. 18.4-0ubuntu1~16.04.2 running 'modules:final' at Fri, 02 Nov 2018 11:09:35 +0000. Up 52.35 seconds.
[   52.548933] cloud-init[1475]: ci-info: no authorized ssh keys fingerprints found for user ubuntu.
[   52.549028] cloud-init[1475]: Cloud-init v. 18.4-0ubuntu1~16.04.2 finished at Fri, 02 Nov 2018 11:09:35 +0000. Datasource DataSourceNoCloud [seed=/dev/sdb][dsmode=net].  Up 52.54 seconds
